
> app-territorios@2.5 build
> vite build

[36mvite v7.3.1 [32mbuilding client environment for production...[36m[39m
transforming...
[32mÔ£ô[39m 1527 modules transformed.

Ô£¿ [vite-plugin-compression]:algorithm=gzip - compressed file successfully: 
dist/D:/_CODE/app-territorios/assets/assignments-view-Cex9Todj.js.gz      7.35kb / gzip: 2.15kb
dist/D:/_CODE/app-territorios/assets/campaigns-view-B_xgvIK8.js.gz        3.50kb / gzip: 1.33kb
dist/D:/_CODE/app-territorios/assets/availability-B5oI2hxN.js.gz          3.90kb / gzip: 1.46kb
dist/D:/_CODE/app-territorios/assets/ai-view-Cq9sGeNX.js.gz               7.60kb / gzip: 2.47kb
dist/D:/_CODE/app-territorios/assets/analytics-view-SXbpCdoq.js.gz        19.64kb / gzip: 5.36kb
dist/D:/_CODE/app-territorios/assets/config-service-B-5M5BhW.js.gz        1.98kb / gzip: 0.67kb
dist/D:/_CODE/app-territorios/assets/firestore-services-28lcir9f.js.gz    2.54kb / gzip: 0.99kb
dist/D:/_CODE/app-territorios/assets/diagnostic-service-CBJhX--f.js.gz    2.52kb / gzip: 1.08kb
dist/D:/_CODE/app-territorios/assets/diffusion-view-Cd2tTqQx.js.gz        5.83kb / gzip: 1.86kb
dist/D:/_CODE/app-territorios/assets/grupos-view-CkSc6-7K.js.gz           6.60kb / gzip: 1.79kb
dist/D:/_CODE/app-territorios/assets/login-CnrhMWI7.js.gz                 16.79kb / gzip: 4.41kb
dist/D:/_CODE/app-territorios/assets/admin-dashboard-BEuf4inJ.js.gz       20.17kb / gzip: 5.29kb
dist/D:/_CODE/app-territorios/assets/map-viewer-ub9KOucm.js.gz            18.61kb / gzip: 4.92kb
dist/D:/_CODE/app-territorios/assets/intelligence-vOsAAfpo.js.gz          10.15kb / gzip: 4.45kb
dist/D:/_CODE/app-territorios/assets/history-view-B44dk6_j.js.gz          35.61kb / gzip: 6.98kb
dist/D:/_CODE/app-territorios/assets/maps-admin-34F9wNw9.js.gz            6.84kb / gzip: 2.52kb
dist/D:/_CODE/app-territorios/assets/maintenance-view-oJZ4sFBp.js.gz      26.23kb / gzip: 7.08kb
dist/D:/_CODE/app-territorios/assets/maps-explorer-t94y_e4q.js.gz         2.48kb / gzip: 1.01kb
dist/D:/_CODE/app-territorios/assets/onboarding-DnvgYRXx.js.gz            3.71kb / gzip: 1.71kb
dist/D:/_CODE/app-territorios/assets/phone-module-DAQYOmpg.js.gz          7.72kb / gzip: 2.25kb
dist/D:/_CODE/app-territorios/assets/personal-view-HwqLUtQ7.js.gz         33.80kb / gzip: 6.86kb
dist/D:/_CODE/app-territorios/assets/phones-view-CFePsy0P.js.gz           16.68kb / gzip: 3.94kb
dist/D:/_CODE/app-territorios/assets/maps-view-BkZDVN_v.js.gz             20.03kb / gzip: 5.04kb
dist/D:/_CODE/app-territorios/assets/program-generator-CrYffmYW.js.gz     2.74kb / gzip: 1.38kb
dist/D:/_CODE/app-territorios/assets/program-service-BpOx0RgM.js.gz       5.37kb / gzip: 2.23kb
dist/D:/_CODE/app-territorios/assets/recursos-Cyegn4-W.js.gz              11.98kb / gzip: 2.94kb
dist/D:/_CODE/app-territorios/assets/purify.es-B1AVwBo1.js.gz             22.32kb / gzip: 8.46kb
dist/D:/_CODE/app-territorios/assets/puntos-view-Df96CKtr.js.gz           11.08kb / gzip: 2.92kb
dist/D:/_CODE/app-territorios/assets/public-view-C-Iye0pp.js.gz           32.17kb / gzip: 6.05kb
dist/D:/_CODE/app-territorios/assets/report-s13-B9X_1fMB.js.gz            20.80kb / gzip: 5.73kb
dist/D:/_CODE/app-territorios/assets/reports-generator-DSqiONqa.js.gz     3.99kb / gzip: 1.72kb
dist/D:/_CODE/app-territorios/assets/report-s12-FPsvzk1j.js.gz            5.08kb / gzip: 1.67kb
dist/D:/_CODE/app-territorios/assets/resources-view-C8ua7uoC.js.gz        10.23kb / gzip: 2.66kb
dist/D:/_CODE/app-territorios/assets/program-views-H3j8zFVx.js.gz         13.02kb / gzip: 3.34kb
dist/D:/_CODE/app-territorios/assets/pwa-manager-BuCZYFGs.js.gz           7.90kb / gzip: 2.69kb
dist/D:/_CODE/app-territorios/assets/rescue-CW5GUmzP.js.gz                8.08kb / gzip: 2.03kb
dist/D:/_CODE/app-territorios/assets/s12-view-CY3XdJu9.js.gz              14.86kb / gzip: 4.08kb
dist/D:/_CODE/app-territorios/assets/reports-view-DOQ2YJYz.js.gz          26.99kb / gzip: 5.59kb
dist/D:/_CODE/app-territorios/assets/territories-view-DNn2yXlH.js.gz      4.99kb / gzip: 1.80kb
dist/D:/_CODE/app-territorios/assets/rules-view-mCpa9dSu.js.gz            24.13kb / gzip: 5.08kb
dist/D:/_CODE/app-territorios/assets/s13-exporter-B5_QCZRU.js.gz          6.12kb / gzip: 1.60kb
dist/D:/_CODE/app-territorios/assets/ui-components-W9wMoeAB.js.gz         2.11kb / gzip: 0.94kb
dist/D:/_CODE/app-territorios/assets/territory-service-CLQjyNfm.js.gz     10.65kb / gzip: 3.48kb
dist/D:/_CODE/app-territorios/index.html.gz                               7.67kb / gzip: 2.66kb
dist/D:/_CODE/app-territorios/assets/weekly-program-Ccpg0lfg.js.gz        5.23kb / gzip: 2.20kb
dist/D:/_CODE/app-territorios/workbox-aaf7b92d.js.gz                      14.90kb / gzip: 5.13kb
dist/D:/_CODE/app-territorios/service-worker.js.gz                        4.11kb / gzip: 1.23kb
dist/D:/_CODE/app-territorios/manifest.json.gz                            1.80kb / gzip: 0.61kb
dist/D:/_CODE/app-territorios/assets/ui-helpers-CnqQlXtk.js.gz            23.09kb / gzip: 5.64kb
dist/D:/_CODE/app-territorios/sw.js.gz                                    4.79kb / gzip: 1.69kb
dist/D:/_CODE/app-territorios/assets/main-ddEB_K_6.js.gz                  62.24kb / gzip: 19.92kb
dist/D:/_CODE/app-territorios/assets/conductor-dashboard-DrzuwqHO.js.gz   94.12kb / gzip: 20.92kb
dist/D:/_CODE/app-territorios/assets/program-view-Cw3aHZz3.js.gz          83.38kb / gzip: 17.22kb
dist/D:/_CODE/app-territorios/assets/schemas-D1cwgrgY.js.gz               62.34kb / gzip: 16.51kb
dist/D:/_CODE/app-territorios/assets/leaflet-vendor-8bz9JmG5.js.gz        145.95kb / gzip: 41.92kb
dist/D:/_CODE/app-territorios/assets/index.es-B3EIInv6.js.gz              154.97kb / gzip: 51.11kb
dist/D:/_CODE/app-territorios/assets/main-DwCAGcc7.css.gz                 219.24kb / gzip: 52.08kb
dist/D:/_CODE/app-territorios/assets/ui-vendor-DwqWZkQ9.js.gz             307.12kb / gzip: 97.98kb
dist/D:/_CODE/app-territorios/assets/firebase-vendor-Bupt7d7Y.js.gz       591.03kb / gzip: 137.76kb
dist/D:/_CODE/app-territorios/assets/PDFButton-BAmpgvgJ.js.gz             502.58kb / gzip: 199.25kb
dist/D:/_CODE/app-territorios/pdf-lib.js.gz                               512.79kb / gzip: 201.53kb
dist/D:/_CODE/app-territorios/assets/utils-vendor-B0p-9tVa.js.gz          1052.68kb / gzip: 319.48kb



Ô£¿ [36m[vite-plugin-image-optimizer][39m - optimized images successfully: 
[2mdist[22m/[94micon-192.svg[39m  [90m[32m0%[39m[90m [39m [33m[1mskipped[22m[39m [2moriginal: 0.90 kB <= optimized: 0.90 kB[22m
[2mdist[22m/[94mfavicon.svg[39m   [90m[32m0%[39m[90m [39m [33m[1mskipped[22m[39m [2moriginal: 0.90 kB <= optimized: 0.90 kB[22m
[2mdist[22m/[94micon-512.svg[39m  [90m[32m0%[39m[90m [39m [33m[1mskipped[22m[39m [2moriginal: 0.90 kB <= optimized: 0.90 kB[22m



­ƒÜ¿ [31m[vite-plugin-image-optimizer][39m - errors during optimization: 


dist/assets/mapa-general.jpg      Input buffer contains unsupported image format
dist/assets/mapa_territorio.png   Input buffer contains unsupported image format
Ô£ù Build failed in 3.62s
error during build:
[vite-plugin-pwa:build] There was an error during the build:
  modules/admin/program-generator.js (3:9): "PDFDocument" is not exported by "public/pdf-lib.js", imported by "modules/admin/program-generator.js".
Additionally, handling the error in the 'buildEnd' hook caused the following error:
  modules/admin/program-generator.js (3:9): "PDFDocument" is not exported by "public/pdf-lib.js", imported by "modules/admin/program-generator.js".
file: D:/_CODE/app-territorios/modules/admin/program-generator.js:3:9

1: import html2canvas from 'html2canvas';
2: import { showNotification } from '../utils/helpers.js';
3: import { PDFDocument, StandardFonts } from '../../public/pdf-lib.js';
            ^
4: 
5: /**

    at getRollupError (file:///D:/_CODE/app-territorios/node_modules/rollup/dist/es/shared/parseAst.js:400:41)
    at file:///D:/_CODE/app-territorios/node_modules/rollup/dist/es/shared/node-entry.js:23423:39
    at async catchUnfinishedHookActions (file:///D:/_CODE/app-territorios/node_modules/rollup/dist/es/shared/node-entry.js:22881:16)
    at async rollupInternal (file:///D:/_CODE/app-territorios/node_modules/rollup/dist/es/shared/node-entry.js:23406:5)
    at async buildEnvironment (file:///D:/_CODE/app-territorios/node_modules/vite/dist/node/chunks/config.js:33541:12)
    at async Object.build (file:///D:/_CODE/app-territorios/node_modules/vite/dist/node/chunks/config.js:33900:19)
    at async Object.buildApp (file:///D:/_CODE/app-territorios/node_modules/vite/dist/node/chunks/config.js:33897:153)
    at async CAC.<anonymous> (file:///D:/_CODE/app-territorios/node_modules/vite/dist/node/cli.js:629:3)
